balance citizen.bar_decay.rest value=10 min=0 max=100
chain plastic-bottle id=1 links=[sanitation-worker]
item bottle id=1
item recycled-glass id=2
object park-bench id=2 height=1 width=2
object trash-bin id=1 height=1 width=1
profession sanitation-worker id=1
recipe bottle-recycling id=1 inputs=[bottle] outputs=[recycled-glass]
