balance citizen.bar_decay.rest value=10 min=0 max=100
balance movement.player_body_height_subcells value=4 min=1 max=16
balance movement.player_body_width_subcells value=8 min=1 max=16
balance movement.walk_speed_millicells_per_s value=2200 min=100 max=20000
balance render.storey_height_px value=48 min=1 max=256
balance render.tile_size_px value=16 min=1 max=64
balance render.window_alpha value=50 min=1 max=99
chain plastic_bottle id=1 links=[sanitation_worker]
item bottle id=1
item recycled_glass id=2
object lamppost id=4 height=1 width=1 collider=6,10,10,14 window=false
object park_bench id=2 height=1 width=2 collider=none window=false
object shop_counter id=3 height=1 width=3 collider=none window=false
object shop_window id=5 height=1 width=1 collider=0,0,16,16 window=true
object trash_bin id=1 height=1 width=1 collider=4,4,12,12 window=false
profession sanitation_worker id=1
recipe bottle_recycling id=1 inputs=[bottle] outputs=[recycled_glass]
