object 1 trash_bin
object 2 park_bench
object 3 shop_counter
object 4 lamppost
object 5 shop_window
object 6 wall_segment
object 7 bridge_deck
object 8 foot_stairs
object 9 grass_ground
object 10 sidewalk_pavement
object 11 road_asphalt
item 1 bottle
item 2 recycled_glass
recipe 1 bottle_recycling
profession 1 sanitation_worker
profession 2 shop_clerk
profession 3 cashier
profession 4 stock_clerk
profession 5 manager
profession 6 cleaner
profession 7 security_guard
profession 8 cook
profession 9 server
profession 10 barista
profession 12 bartender
profession 13 receptionist
profession 14 baker
profession 15 butcher
profession 16 greengrocer
profession 17 pharmacist
profession 18 bookseller
profession 19 attendant
profession 20 hairdresser
profession 21 tailor
profession 22 market_vendor
profession 23 market_porter
profession 24 clerk
profession 25 accountant
profession 26 administrator
profession 27 bank_teller
profession 29 trainer
profession 30 usher
profession 31 sales_assistant
profession 32 concierge
profession 33 projectionist
profession 34 loan_officer
profession 35 postal_worker
profession 36 secretary
profession 37 assistant_manager
profession 38 machinist
profession 39 foreman
profession 40 warehouse_worker
profession 41 forklift_operator
profession 42 machine_operator
profession 43 quality_inspector
profession 44 sorter
profession 45 printer_operator
profession 46 bookbinder
profession 47 mechanic
profession 48 yard_worker
profession 49 food_packer
profession 50 supervisor
profession 51 driver
profession 52 parts_clerk
profession 56 caseworker
profession 58 teacher
profession 59 teaching_assistant
profession 60 nurse
profession 61 orderly
profession 62 doctor
profession 63 librarian
profession 64 officer
profession 65 firefighter
profession 66 dispatcher
profession 67 archivist
profession 68 detective
profession 69 paramedic
profession 70 conductor
profession 71 counsellor
profession 72 support_worker
profession 73 custodian
profession 76 councillor
profession 77 surgeon
chain 1 plastic_bottle
building_type 1 villa
building_type 2 terrace_house
building_type 3 condo_block
building_type 4 corner_shop
building_type 5 general_retail
building_type 6 cafe
building_type 7 office_block
building_type 8 market_hall
building_type 9 bakery
building_type 10 butcher
building_type 11 greengrocer
building_type 12 pharmacy
building_type 13 hardware_shop
building_type 14 bookshop
building_type 15 clothes_shop
building_type 16 launderette
building_type 17 hairdresser
building_type 18 restaurant
building_type 19 pub
building_type 20 bank_branch
building_type 21 post_office
building_type 22 supermarket
building_type 23 hotel
building_type 24 gym
building_type 25 cinema
building_type 26 workshop
building_type 27 warehouse
building_type 28 depot
building_type 29 bottling_plant
building_type 30 recycling_facility
building_type 31 print_works
building_type 32 vehicle_repair_garage
building_type 33 builders_yard
building_type 34 food_plant
building_type 35 council
building_type 36 hospital
building_type 37 welfare_office
building_type 38 shelter
building_type 39 school
building_type 40 clinic
building_type 41 library
building_type 42 police_station
building_type 43 fire_station
building_type 44 transit_office
building_type 45 vacant_unit
building_type 46 storage_yard
body 1 body_01
body 2 body_02
body 3 body_03
body 4 body_04
body 5 body_05
body 6 body_06
body 7 body_07
body 8 body_08
body 9 body_09
body 10 kid_body_1_kid
body 11 kid_body_2_kid
body 12 kid_body_3_kid
body 13 kid_body_4_kid
eyes 1 eyes_01
eyes 2 eyes_02
eyes 3 eyes_03
eyes 4 eyes_04
eyes 5 eyes_05
eyes 6 eyes_06
eyes 7 eyes_07
eyes 8 kid_eyes_kids_1
eyes 9 kid_eyes_kids_2
eyes 10 kid_eyes_kids_3
eyes 11 kid_eyes_kids_4
eyes 12 kid_eyes_kids_5
eyes 13 kid_eyes_kids_6
hairstyle 1 hairstyle_01_01
hairstyle 2 hairstyle_01_02
hairstyle 3 hairstyle_01_03
hairstyle 4 hairstyle_01_04
hairstyle 5 hairstyle_01_05
hairstyle 6 hairstyle_01_06
hairstyle 7 hairstyle_01_07
hairstyle 8 hairstyle_02_01
hairstyle 9 hairstyle_02_02
hairstyle 10 hairstyle_02_03
hairstyle 11 hairstyle_02_04
hairstyle 12 hairstyle_02_05
hairstyle 13 hairstyle_02_06
hairstyle 14 hairstyle_02_07
hairstyle 15 hairstyle_03_01
hairstyle 16 hairstyle_03_02
hairstyle 17 hairstyle_03_03
hairstyle 18 hairstyle_03_04
hairstyle 19 hairstyle_03_05
hairstyle 20 hairstyle_03_06
hairstyle 21 hairstyle_03_07
hairstyle 22 hairstyle_04_01
hairstyle 23 hairstyle_04_02
hairstyle 24 hairstyle_04_03
hairstyle 25 hairstyle_04_04
hairstyle 26 hairstyle_04_05
hairstyle 27 hairstyle_04_06
hairstyle 28 hairstyle_04_07
hairstyle 29 hairstyle_05_01
hairstyle 30 hairstyle_05_02
hairstyle 31 hairstyle_05_03
hairstyle 32 hairstyle_05_04
hairstyle 33 hairstyle_05_05
hairstyle 34 hairstyle_05_06
hairstyle 35 hairstyle_05_07
hairstyle 36 hairstyle_06_01
hairstyle 37 hairstyle_06_02
hairstyle 38 hairstyle_06_03
hairstyle 39 hairstyle_06_04
hairstyle 40 hairstyle_06_05
hairstyle 41 hairstyle_06_06
hairstyle 42 hairstyle_06_07
hairstyle 43 hairstyle_07_01
hairstyle 44 hairstyle_07_02
hairstyle 45 hairstyle_07_03
hairstyle 46 hairstyle_07_04
hairstyle 47 hairstyle_07_05
hairstyle 48 hairstyle_07_06
hairstyle 49 hairstyle_07_07
hairstyle 50 hairstyle_08_01
hairstyle 51 hairstyle_08_02
hairstyle 52 hairstyle_08_03
hairstyle 53 hairstyle_08_04
hairstyle 54 hairstyle_08_05
hairstyle 55 hairstyle_08_06
hairstyle 56 hairstyle_08_07
hairstyle 57 hairstyle_09_01
hairstyle 58 hairstyle_09_02
hairstyle 59 hairstyle_09_03
hairstyle 60 hairstyle_09_04
hairstyle 61 hairstyle_09_05
hairstyle 62 hairstyle_09_06
hairstyle 63 hairstyle_09_07
hairstyle 64 hairstyle_10_01
hairstyle 65 hairstyle_10_02
hairstyle 66 hairstyle_10_03
hairstyle 67 hairstyle_10_04
hairstyle 68 hairstyle_10_05
hairstyle 69 hairstyle_10_06
hairstyle 70 hairstyle_10_07
hairstyle 71 hairstyle_11_01
hairstyle 72 hairstyle_11_02
hairstyle 73 hairstyle_11_03
hairstyle 74 hairstyle_11_04
hairstyle 75 hairstyle_11_05
hairstyle 76 hairstyle_11_06
hairstyle 77 hairstyle_11_07
hairstyle 78 hairstyle_12_01
hairstyle 79 hairstyle_12_02
hairstyle 80 hairstyle_12_03
hairstyle 81 hairstyle_12_04
hairstyle 82 hairstyle_12_05
hairstyle 83 hairstyle_12_06
hairstyle 84 hairstyle_12_07
hairstyle 85 hairstyle_13_01
hairstyle 86 hairstyle_13_02
hairstyle 87 hairstyle_13_03
hairstyle 88 hairstyle_13_04
hairstyle 89 hairstyle_13_05
hairstyle 90 hairstyle_13_06
hairstyle 91 hairstyle_13_07
hairstyle 92 hairstyle_14_01
hairstyle 93 hairstyle_14_02
hairstyle 94 hairstyle_14_03
hairstyle 95 hairstyle_14_04
hairstyle 96 hairstyle_14_05
hairstyle 97 hairstyle_14_06
hairstyle 98 hairstyle_14_07
hairstyle 99 hairstyle_15_01
hairstyle 100 hairstyle_15_02
hairstyle 101 hairstyle_15_03
hairstyle 102 hairstyle_15_04
hairstyle 103 hairstyle_15_05
hairstyle 104 hairstyle_15_06
hairstyle 105 hairstyle_15_07
hairstyle 106 hairstyle_16_01
hairstyle 107 hairstyle_16_02
hairstyle 108 hairstyle_16_03
hairstyle 109 hairstyle_16_04
hairstyle 110 hairstyle_16_05
hairstyle 111 hairstyle_16_06
hairstyle 112 hairstyle_16_07
hairstyle 113 hairstyle_17_01
hairstyle 114 hairstyle_17_02
hairstyle 115 hairstyle_17_03
hairstyle 116 hairstyle_17_04
hairstyle 117 hairstyle_17_05
hairstyle 118 hairstyle_17_06
hairstyle 119 hairstyle_17_07
hairstyle 120 hairstyle_18_01
hairstyle 121 hairstyle_18_02
hairstyle 122 hairstyle_18_03
hairstyle 123 hairstyle_18_04
hairstyle 124 hairstyle_18_05
hairstyle 125 hairstyle_18_06
hairstyle 126 hairstyle_18_07
hairstyle 127 hairstyle_19_01
hairstyle 128 hairstyle_19_02
hairstyle 129 hairstyle_19_03
hairstyle 130 hairstyle_19_04
hairstyle 131 hairstyle_19_05
hairstyle 132 hairstyle_19_06
hairstyle 133 hairstyle_19_07
hairstyle 134 hairstyle_20_01
hairstyle 135 hairstyle_20_02
hairstyle 136 hairstyle_20_03
hairstyle 137 hairstyle_20_04
hairstyle 138 hairstyle_20_05
hairstyle 139 hairstyle_20_06
hairstyle 140 hairstyle_20_07
hairstyle 141 hairstyle_21_01
hairstyle 142 hairstyle_21_02
hairstyle 143 hairstyle_21_03
hairstyle 144 hairstyle_21_04
hairstyle 145 hairstyle_21_05
hairstyle 146 hairstyle_21_06
hairstyle 147 hairstyle_21_07
hairstyle 148 hairstyle_22_01
hairstyle 149 hairstyle_22_02
hairstyle 150 hairstyle_22_03
hairstyle 151 hairstyle_22_04
hairstyle 152 hairstyle_22_05
hairstyle 153 hairstyle_22_06
hairstyle 154 hairstyle_22_07
hairstyle 155 hairstyle_23_01
hairstyle 156 hairstyle_23_02
hairstyle 157 hairstyle_23_03
hairstyle 158 hairstyle_23_04
hairstyle 159 hairstyle_23_05
hairstyle 160 hairstyle_23_06
hairstyle 161 hairstyle_23_07
hairstyle 162 hairstyle_24_01
hairstyle 163 hairstyle_24_02
hairstyle 164 hairstyle_24_03
hairstyle 165 hairstyle_24_04
hairstyle 166 hairstyle_24_05
hairstyle 167 hairstyle_24_06
hairstyle 168 hairstyle_24_07
hairstyle 169 hairstyle_25_01
hairstyle 170 hairstyle_25_02
hairstyle 171 hairstyle_25_03
hairstyle 172 hairstyle_25_04
hairstyle 173 hairstyle_25_05
hairstyle 174 hairstyle_25_06
hairstyle 175 hairstyle_25_07
hairstyle 176 hairstyle_26_01
hairstyle 177 hairstyle_26_02
hairstyle 178 hairstyle_26_03
hairstyle 179 hairstyle_26_04
hairstyle 180 hairstyle_26_05
hairstyle 181 hairstyle_26_06
hairstyle 182 hairstyle_26_07
hairstyle 183 hairstyle_27_01
hairstyle 184 hairstyle_27_02
hairstyle 185 hairstyle_27_03
hairstyle 186 hairstyle_27_04
hairstyle 187 hairstyle_27_05
hairstyle 188 hairstyle_27_06
hairstyle 189 hairstyle_28_01
hairstyle 190 hairstyle_28_02
hairstyle 191 hairstyle_28_03
hairstyle 192 hairstyle_28_04
hairstyle 193 hairstyle_28_05
hairstyle 194 hairstyle_28_06
hairstyle 195 hairstyle_29_01
hairstyle 196 hairstyle_29_02
hairstyle 197 hairstyle_29_03
hairstyle 198 hairstyle_29_04
hairstyle 199 hairstyle_29_05
hairstyle 200 hairstyle_29_06
hairstyle 201 kid_hairstyle_kid_1_1
hairstyle 202 kid_hairstyle_kid_1_2
hairstyle 203 kid_hairstyle_kid_1_3
hairstyle 204 kid_hairstyle_kid_1_4
hairstyle 205 kid_hairstyle_kid_1_5
hairstyle 206 kid_hairstyle_kid_2_1
hairstyle 207 kid_hairstyle_kid_2_2
hairstyle 208 kid_hairstyle_kid_2_3
hairstyle 209 kid_hairstyle_kid_2_4
hairstyle 210 kid_hairstyle_kid_2_5
hairstyle 211 kid_hairstyle_kid_3_1
hairstyle 212 kid_hairstyle_kid_3_2
hairstyle 213 kid_hairstyle_kid_3_3
hairstyle 214 kid_hairstyle_kid_3_4
hairstyle 215 kid_hairstyle_kid_3_5
hairstyle 216 kid_hairstyle_kid_4_1
hairstyle 217 kid_hairstyle_kid_4_2
hairstyle 218 kid_hairstyle_kid_4_3
hairstyle 219 kid_hairstyle_kid_4_4
hairstyle 220 kid_hairstyle_kid_4_5
hairstyle 221 kid_hairstyle_kid_5_1
hairstyle 222 kid_hairstyle_kid_5_2
hairstyle 223 kid_hairstyle_kid_5_3
hairstyle 224 kid_hairstyle_kid_5_4
hairstyle 225 kid_hairstyle_kid_5_5
hairstyle 226 kid_hairstyle_kid_6_1
hairstyle 227 kid_hairstyle_kid_6_2
hairstyle 228 kid_hairstyle_kid_6_3
hairstyle 229 kid_hairstyle_kid_6_4
hairstyle 230 kid_hairstyle_kid_6_5
outfit 1 outfit_01_01
outfit 2 outfit_01_02
outfit 3 outfit_01_03
outfit 4 outfit_01_04
outfit 5 outfit_01_05
outfit 6 outfit_01_06
outfit 7 outfit_01_07
outfit 8 outfit_01_08
outfit 9 outfit_01_09
outfit 10 outfit_01_10
outfit 11 outfit_02_01
outfit 12 outfit_02_02
outfit 13 outfit_02_03
outfit 14 outfit_02_04
outfit 15 outfit_03_01
outfit 16 outfit_03_02
outfit 17 outfit_03_03
outfit 18 outfit_03_04
outfit 19 outfit_04_01
outfit 20 outfit_04_02
outfit 21 outfit_04_03
outfit 22 outfit_05_01
outfit 23 outfit_05_02
outfit 24 outfit_05_03
outfit 25 outfit_05_04
outfit 26 outfit_05_05
outfit 27 outfit_06_01
outfit 28 outfit_06_02
outfit 29 outfit_06_03
outfit 30 outfit_06_04
outfit 31 outfit_07_01
outfit 32 outfit_07_02
outfit 33 outfit_07_03
outfit 34 outfit_07_04
outfit 35 outfit_08_01
outfit 36 outfit_08_02
outfit 37 outfit_08_03
outfit 38 outfit_09_01
outfit 39 outfit_09_02
outfit 40 outfit_09_03
outfit 41 outfit_10_01
outfit 42 outfit_10_02
outfit 43 outfit_10_03
outfit 44 outfit_10_04
outfit 45 outfit_10_05
outfit 46 outfit_11_01
outfit 47 outfit_11_02
outfit 48 outfit_11_03
outfit 49 outfit_11_04
outfit 50 outfit_12_01
outfit 51 outfit_12_02
outfit 52 outfit_12_03
outfit 53 outfit_13_01
outfit 54 outfit_13_02
outfit 55 outfit_13_03
outfit 56 outfit_13_04
outfit 57 outfit_14_01
outfit 58 outfit_14_02
outfit 59 outfit_14_03
outfit 60 outfit_14_04
outfit 61 outfit_14_05
outfit 62 outfit_15_01
outfit 63 outfit_15_02
outfit 64 outfit_15_03
outfit 65 outfit_16_01
outfit 66 outfit_16_02
outfit 67 outfit_16_03
outfit 68 outfit_17_01
outfit 69 outfit_17_02
outfit 70 outfit_17_03
outfit 71 outfit_18_01
outfit 72 outfit_18_02
outfit 73 outfit_18_03
outfit 74 outfit_18_04
outfit 75 outfit_19_01
outfit 76 outfit_19_02
outfit 77 outfit_19_03
outfit 78 outfit_19_04
outfit 79 outfit_20_01
outfit 80 outfit_20_02
outfit 81 outfit_20_03
outfit 82 outfit_21_01
outfit 83 outfit_21_02
outfit 84 outfit_21_03
outfit 85 outfit_21_04
outfit 86 outfit_22_01
outfit 87 outfit_22_02
outfit 88 outfit_22_03
outfit 89 outfit_22_04
outfit 90 outfit_23_01
outfit 91 outfit_23_02
outfit 92 outfit_23_03
outfit 93 outfit_23_04
outfit 94 outfit_24_01
outfit 95 outfit_24_02
outfit 96 outfit_24_03
outfit 97 outfit_24_04
outfit 98 outfit_25_01
outfit 99 outfit_25_02
outfit 100 outfit_25_03
outfit 101 outfit_25_04
outfit 102 outfit_25_05
outfit 103 outfit_26_01
outfit 104 outfit_26_02
outfit 105 outfit_26_03
outfit 106 outfit_27_01
outfit 107 outfit_27_02
outfit 108 outfit_27_03
outfit 109 outfit_28_01
outfit 110 outfit_28_02
outfit 111 outfit_28_03
outfit 112 outfit_28_04
outfit 113 outfit_29_01
outfit 114 outfit_29_02
outfit 115 outfit_29_03
outfit 116 outfit_29_04
outfit 117 outfit_30_01
outfit 118 outfit_30_02
outfit 119 outfit_30_03
outfit 120 outfit_31_01
outfit 121 outfit_31_02
outfit 122 outfit_31_03
outfit 123 outfit_31_04
outfit 124 outfit_31_05
outfit 125 outfit_32_01
outfit 126 outfit_32_02
outfit 127 outfit_32_03
outfit 128 outfit_32_04
outfit 129 outfit_32_05
outfit 130 outfit_33_01
outfit 131 outfit_33_02
outfit 132 outfit_33_03
outfit 133 addon_outfit_firefighter
outfit 134 addon_outfit_military_general
outfit 135 addon_outfit_postman
outfit 136 addon_outfit_postman_with_hat
outfit 137 addon_outfit_scout_1
outfit 138 addon_outfit_scout_2
outfit 139 addon_outfit_scout_3
outfit 140 addon_outfit_soldier
outfit 141 kid_outfit_kid_1
outfit 142 kid_outfit_kid_2
outfit 143 kid_outfit_kid_3
outfit 144 kid_outfit_kid_4
outfit 145 kid_outfit_kid_5
outfit 146 kid_outfit_kid_6_pajama_frog
outfit 147 kid_outfit_kid_7_pajama_tiger
accessory 1 accessory_01_ladybug_01
accessory 2 accessory_01_ladybug_02
accessory 3 accessory_01_ladybug_03
accessory 4 accessory_01_ladybug_04
accessory 5 accessory_02_bee_01
accessory 6 accessory_02_bee_02
accessory 7 accessory_02_bee_03
accessory 8 accessory_03_backpack_01
accessory 9 accessory_03_backpack_02
accessory 10 accessory_03_backpack_03
accessory 11 accessory_03_backpack_04
accessory 12 accessory_03_backpack_05
accessory 13 accessory_03_backpack_06
accessory 14 accessory_03_backpack_07
accessory 15 accessory_03_backpack_08
accessory 16 accessory_03_backpack_09
accessory 17 accessory_03_backpack_10
accessory 18 accessory_04_snapback_01
accessory 19 accessory_04_snapback_02
accessory 20 accessory_04_snapback_03
accessory 21 accessory_04_snapback_04
accessory 22 accessory_04_snapback_05
accessory 23 accessory_04_snapback_06
accessory 24 accessory_05_dino_snapback_01
accessory 25 accessory_05_dino_snapback_02
accessory 26 accessory_05_dino_snapback_03
accessory 27 accessory_06_policeman_hat_01
accessory 28 accessory_06_policeman_hat_02
accessory 29 accessory_06_policeman_hat_03
accessory 30 accessory_06_policeman_hat_04
accessory 31 accessory_06_policeman_hat_05
accessory 32 accessory_06_policeman_hat_06
accessory 33 accessory_07_bataclava_01
accessory 34 accessory_07_bataclava_02
accessory 35 accessory_07_bataclava_03
accessory 36 accessory_08_detective_hat_01
accessory 37 accessory_08_detective_hat_02
accessory 38 accessory_08_detective_hat_03
accessory 39 accessory_09_zombie_brain_01
accessory 40 accessory_09_zombie_brain_02
accessory 41 accessory_09_zombie_brain_03
accessory 42 accessory_10_bolt_01
accessory 43 accessory_10_bolt_02
accessory 44 accessory_10_bolt_03
accessory 45 accessory_11_beanie_01
accessory 46 accessory_11_beanie_02
accessory 47 accessory_11_beanie_03
accessory 48 accessory_11_beanie_04
accessory 49 accessory_11_beanie_05
accessory 50 accessory_12_mustache_01
accessory 51 accessory_12_mustache_02
accessory 52 accessory_12_mustache_03
accessory 53 accessory_12_mustache_04
accessory 54 accessory_12_mustache_05
accessory 55 accessory_13_beard_01
accessory 56 accessory_13_beard_02
accessory 57 accessory_13_beard_03
accessory 58 accessory_13_beard_04
accessory 59 accessory_13_beard_05
accessory 60 accessory_14_gloves_01
accessory 61 accessory_14_gloves_02
accessory 62 accessory_14_gloves_03
accessory 63 accessory_14_gloves_04
accessory 64 accessory_15_glasses_01
accessory 65 accessory_15_glasses_02
accessory 66 accessory_15_glasses_03
accessory 67 accessory_15_glasses_04
accessory 68 accessory_15_glasses_05
accessory 69 accessory_15_glasses_06
accessory 70 accessory_16_monocle_01
accessory 71 accessory_16_monocle_02
accessory 72 accessory_16_monocle_03
accessory 73 accessory_17_medical_mask_01
accessory 74 accessory_17_medical_mask_02
accessory 75 accessory_17_medical_mask_03
accessory 76 accessory_17_medical_mask_04
accessory 77 accessory_17_medical_mask_05
accessory 78 accessory_18_chef_01
accessory 79 accessory_18_chef_02
accessory 80 accessory_18_chef_03
accessory 81 accessory_19_party_cone_01
accessory 82 accessory_19_party_cone_02
accessory 83 accessory_19_party_cone_03
accessory 84 accessory_19_party_cone_04
accessory 85 addon_accessory_20_worker_helmet
accessory 86 addon_accessory_21_worker_jacket
accessory 87 addon_accessory_22_scout_snapback
accessory 88 addon_accessory_24_pumpkin_head
accessory 89 addon_accessory_24_pumpkin_head_2
accessory 90 addon_accessory_25_black_cylinder
accessory 91 addon_accessory_26_postman_hat_and_bag
accessory 92 addon_accessory_27_soldier_helmet
accessory 93 addon_accessory_28_military_general_hat
appearance_layout 1 adult
appearance_layout 2 kid
uniform 1 sanitation_worker_uniform
tag 1 waste
tag 2 seating
tag 3 counter
tag 4 lighting
tag 5 shopfront
tag 6 wall
tag 7 bridge
tag 8 stairs
tag 9 underfoot
tag 10 ground
tag 11 pavement
tag 12 road
tag 13 floor
tag 14 threshold
tag 15 fixture
tag 16 wall_run
tag 17 entrance
tag 18 dwelling
tag 19 municipal_service
tag 20 depot
tag 21 council
tag 22 hospital
tag 23 welfare_office
tag 24 shelter
tag 25 shop
tag 26 cafe
tag 27 office
tag 28 workshop
tag 29 warehouse
tag 30 market
tag 31 form_low
tag 32 form_mid
tag 33 form_high
rule 1 lighting_ground_floor_only
rule 2 waste_per_three_seating
rule 3 no_counter_in_a_stairwell
rule 4 counter_faces_a_shopfront
rule 5 walled_room_has_waste_bin
rule 6 road_never_touches_wall
rule 7 road_never_touches_ground
rule 8 floor_never_touches_bare_ground
rule 9 floor_never_touches_pavement_directly
rule 10 floor_never_touches_road_directly
rule 11 doorway_formed_between_walls
rule 12 wall_is_part_of_a_straight_run_or_a_corner
rule 13 room_has_a_door
rule 14 building_has_an_entrance
rule 15 entrance_opens_onto_pavement
rule 20 no_high_rise_within_a_low_rise_block
rule 21 depot_present
rule 22 council_present
rule 23 hospital_present
rule 24 welfare_office_present
rule 25 shelter_present
