version=8
seed=1 regions=res:2,com:1,ind:1,inst:3 nodes=165 edges=255 blocks=122 dead_ends=0 max_detour_pct=151 p99_detour_pct=138 density_rings=[79, 54, 24] plots=956 open_plots=22 envelopes_placed=934 envelopes_rejected=0 types_placed=934 distinct_types=6 count_ok=true digest=e0793ccc34ae779c
seed=2 regions=res:2,com:1,ind:2,inst:3 nodes=187 edges=291 blocks=141 dead_ends=0 max_detour_pct=164 p99_detour_pct=127 density_rings=[80, 51, 22] plots=936 open_plots=22 envelopes_placed=914 envelopes_rejected=0 types_placed=914 distinct_types=6 count_ok=true digest=4493cdde311eaf55
seed=3 regions=res:2,com:1,ind:1,inst:3 nodes=157 edges=242 blocks=121 dead_ends=0 max_detour_pct=136 p99_detour_pct=128 density_rings=[79, 54, 24] plots=920 open_plots=19 envelopes_placed=901 envelopes_rejected=0 types_placed=901 distinct_types=6 count_ok=true digest=465a749fa230426e
seed=42 regions=res:2,com:1,ind:2,inst:3 nodes=176 edges=278 blocks=137 dead_ends=0 max_detour_pct=137 p99_detour_pct=129 density_rings=[80, 54, 25] plots=972 open_plots=23 envelopes_placed=949 envelopes_rejected=0 types_placed=949 distinct_types=6 count_ok=true digest=a6fb59f7e98853e1
seed=123456789 regions=res:3,com:1,ind:1,inst:3 nodes=171 edges=270 blocks=135 dead_ends=0 max_detour_pct=119 p99_detour_pct=118 density_rings=[80, 53, 24] plots=927 open_plots=22 envelopes_placed=905 envelopes_rejected=0 types_placed=905 distinct_types=6 count_ok=true digest=bacc279c409a0374
