version=9
seed=1 regions=res:2,com:1,ind:1,inst:3 nodes=128 edges=189 blocks=91 dead_ends=0 max_detour_pct=160 p99_detour_pct=128 density_rings=[79, 54, 24] plots=902 open_plots=25 envelopes_placed=877 envelopes_rejected=0 types_placed=877 distinct_types=6 count_ok=true digest=7d737b255ab6fc07
seed=2 regions=res:2,com:1,ind:2,inst:3 nodes=121 edges=183 blocks=92 dead_ends=0 max_detour_pct=100 p99_detour_pct=121 density_rings=[80, 51, 22] plots=931 open_plots=28 envelopes_placed=903 envelopes_rejected=0 types_placed=903 distinct_types=6 count_ok=true digest=612c6291bbe9c996
seed=3 regions=res:2,com:1,ind:1,inst:3 nodes=118 edges=171 blocks=86 dead_ends=0 max_detour_pct=118 p99_detour_pct=126 density_rings=[79, 54, 24] plots=840 open_plots=27 envelopes_placed=813 envelopes_rejected=0 types_placed=813 distinct_types=6 count_ok=true digest=8e02129986bb73bf
seed=42 regions=res:2,com:1,ind:2,inst:3 nodes=114 edges=173 blocks=89 dead_ends=0 max_detour_pct=100 p99_detour_pct=118 density_rings=[80, 54, 25] plots=921 open_plots=34 envelopes_placed=887 envelopes_rejected=0 types_placed=887 distinct_types=6 count_ok=true digest=9ccc4ab3d0b3d7fb
seed=123456789 regions=res:3,com:1,ind:1,inst:3 nodes=146 edges=228 blocks=115 dead_ends=0 max_detour_pct=154 p99_detour_pct=123 density_rings=[80, 53, 24] plots=871 open_plots=22 envelopes_placed=849 envelopes_rejected=0 types_placed=849 distinct_types=6 count_ok=true digest=01cdb79fd6a0e51f
