version=10
seed=1 regions=res:2,com:1,ind:1,inst:3 nodes=116 edges=170 blocks=83 dead_ends=0 max_detour_pct=167 p99_detour_pct=145 density_rings=[79, 54, 24] plots=908 open_plots=28 envelopes_placed=880 envelopes_rejected=0 types_placed=880 distinct_types=6 count_ok=true digest=feca33c6f5ed8295
seed=2 regions=res:2,com:1,ind:2,inst:3 nodes=121 edges=178 blocks=88 dead_ends=0 max_detour_pct=119 p99_detour_pct=136 density_rings=[80, 51, 22] plots=919 open_plots=31 envelopes_placed=888 envelopes_rejected=0 types_placed=888 distinct_types=6 count_ok=true digest=1280c22878d69119
seed=3 regions=res:2,com:1,ind:1,inst:3 nodes=124 edges=183 blocks=92 dead_ends=0 max_detour_pct=141 p99_detour_pct=131 density_rings=[79, 54, 24] plots=914 open_plots=29 envelopes_placed=885 envelopes_rejected=0 types_placed=885 distinct_types=6 count_ok=true digest=0f6f91f4052ff4a6
seed=42 regions=res:2,com:1,ind:2,inst:3 nodes=115 edges=173 blocks=88 dead_ends=0 max_detour_pct=100 p99_detour_pct=123 density_rings=[80, 54, 25] plots=911 open_plots=32 envelopes_placed=879 envelopes_rejected=0 types_placed=879 distinct_types=6 count_ok=true digest=2d947476adf14b6f
seed=123456789 regions=res:3,com:1,ind:1,inst:3 nodes=137 edges=207 blocks=101 dead_ends=0 max_detour_pct=159 p99_detour_pct=147 density_rings=[80, 53, 24] plots=900 open_plots=23 envelopes_placed=877 envelopes_rejected=0 types_placed=877 distinct_types=6 count_ok=true digest=e8a6a29103645618
