version=9
seed=1 regions=res:2,com:1,ind:1,inst:3 nodes=127 edges=188 blocks=91 dead_ends=0 max_detour_pct=121 p99_detour_pct=128 density_rings=[79, 54, 24] plots=910 open_plots=25 envelopes_placed=885 envelopes_rejected=0 types_placed=885 distinct_types=6 count_ok=true digest=d501540b9b0e6091
seed=2 regions=res:2,com:1,ind:2,inst:3 nodes=120 edges=181 blocks=91 dead_ends=0 max_detour_pct=100 p99_detour_pct=123 density_rings=[80, 51, 22] plots=930 open_plots=29 envelopes_placed=901 envelopes_rejected=0 types_placed=901 distinct_types=6 count_ok=true digest=38a0f986fb54531d
seed=3 regions=res:2,com:1,ind:1,inst:3 nodes=116 edges=168 blocks=86 dead_ends=0 max_detour_pct=118 p99_detour_pct=124 density_rings=[79, 54, 24] plots=856 open_plots=27 envelopes_placed=829 envelopes_rejected=0 types_placed=829 distinct_types=6 count_ok=true digest=288e6add89636b98
seed=42 regions=res:2,com:1,ind:2,inst:3 nodes=114 edges=173 blocks=89 dead_ends=0 max_detour_pct=100 p99_detour_pct=118 density_rings=[80, 54, 25] plots=921 open_plots=34 envelopes_placed=887 envelopes_rejected=0 types_placed=887 distinct_types=6 count_ok=true digest=9ccc4ab3d0b3d7fb
seed=123456789 regions=res:3,com:1,ind:1,inst:3 nodes=146 edges=228 blocks=115 dead_ends=0 max_detour_pct=154 p99_detour_pct=123 density_rings=[80, 53, 24] plots=871 open_plots=22 envelopes_placed=849 envelopes_rejected=0 types_placed=849 distinct_types=6 count_ok=true digest=01cdb79fd6a0e51f
