version=1
seed=1 regions=res:1,com:1,ind:1,inst:1 nodes=195 edges=321 blocks=161 dead_ends=0 max_detour_pct=117 density_rings=[79, 54, 24] digest=fe488c8e35d4c054
seed=2 regions=res:1,com:1,ind:2,inst:1 nodes=218 edges=347 blocks=177 dead_ends=0 max_detour_pct=100 density_rings=[80, 51, 22] digest=9684e5d8b0d6c8b2
seed=3 regions=res:2,com:1,ind:1,inst:1 nodes=195 edges=304 blocks=150 dead_ends=0 max_detour_pct=129 density_rings=[79, 54, 24] digest=d85a9db39f3a4fc7
seed=42 regions=res:2,com:1,ind:2,inst:1 nodes=213 edges=339 blocks=170 dead_ends=0 max_detour_pct=138 density_rings=[80, 54, 25] digest=dc00160f1efa5241
seed=123456789 regions=res:3,com:1,ind:1,inst:1 nodes=221 edges=344 blocks=173 dead_ends=0 max_detour_pct=157 density_rings=[80, 53, 24] digest=61e81dc21e8acb18
