version=3
seed=1 regions=res:2,com:1,ind:1,inst:3 nodes=165 edges=255 blocks=122 dead_ends=0 max_detour_pct=151 p99_detour_pct=138 density_rings=[79, 54, 24] plots=956 open_plots=22 envelopes_placed=934 envelopes_rejected=0 types_placed=934 distinct_types=4 count_ok=true digest=ea4493b77aeb212c
seed=2 regions=res:2,com:1,ind:2,inst:3 nodes=169 edges=268 blocks=134 dead_ends=0 max_detour_pct=140 p99_detour_pct=123 density_rings=[80, 51, 22] plots=889 open_plots=13 envelopes_placed=876 envelopes_rejected=0 types_placed=876 distinct_types=4 count_ok=true digest=03166f03a7fa179e
seed=3 regions=res:2,com:1,ind:1,inst:3 nodes=161 edges=252 blocks=126 dead_ends=0 max_detour_pct=141 p99_detour_pct=121 density_rings=[79, 54, 24] plots=901 open_plots=17 envelopes_placed=884 envelopes_rejected=0 types_placed=884 distinct_types=4 count_ok=true digest=822fb9766bdafedd
seed=42 regions=res:2,com:1,ind:2,inst:3 nodes=176 edges=278 blocks=137 dead_ends=0 max_detour_pct=137 p99_detour_pct=129 density_rings=[80, 54, 25] plots=972 open_plots=23 envelopes_placed=949 envelopes_rejected=0 types_placed=949 distinct_types=4 count_ok=true digest=69445a956379e773
seed=123456789 regions=res:5,com:1,ind:1,inst:3 nodes=189 edges=299 blocks=149 dead_ends=0 max_detour_pct=100 p99_detour_pct=125 density_rings=[80, 53, 24] plots=948 open_plots=16 envelopes_placed=932 envelopes_rejected=0 types_placed=932 distinct_types=4 count_ok=true digest=643dc0f96d0d3c66
